../Drivers/CMSIS/Include/core_cm4.h:1816:22:__NVIC_SetPriority	16	static
../Drivers/CMSIS/Include/core_cm4.h:2022:26:SysTick_Config	16	static
../Core/Src/main.c:77:5:main	8	static
../Core/Src/main.c:122:6:SystemClock_Config	88	static
../Core/Src/main.c:168:13:MX_USART1_UART_Init	8	static
../Core/Src/main.c:201:13:MX_GPIO_Init	40	static
../Core/Src/main.c:227:6:HAL_UART_RxCpltCallback	16	static
../Core/Src/main.c:292:6:blinkBlue	16	static
../Core/Src/main.c:302:6:blinkGreen	16	static
../Core/Src/main.c:311:6:blinkOrange	16	static
../Core/Src/main.c:320:6:onBlue	8	static
../Core/Src/main.c:324:6:onGreen	8	static
../Core/Src/main.c:328:6:onOrange	8	static
../Core/Src/main.c:332:6:offBlue	8	static
../Core/Src/main.c:336:6:offGreen	8	static
../Core/Src/main.c:340:6:offOrange	8	static
../Core/Src/main.c:350:6:Error_Handler	4	static,ignoring_inline_asm
