../Core/Src/main.c:78:5:main	8	static
../Core/Src/main.c:122:6:SystemClock_Config	88	static
../Core/Src/main.c:168:13:MX_USART1_UART_Init	8	static
../Core/Src/main.c:201:13:MX_GPIO_Init	40	static
../Core/Src/main.c:227:6:HAL_UART_RxCpltCallback	16	static
../Core/Src/main.c:279:6:delay	24	static
../Core/Src/main.c:285:6:blinkBlue	8	static
../Core/Src/main.c:290:6:blinkGreen	8	static
../Core/Src/main.c:295:6:blinkOrange	8	static
../Core/Src/main.c:300:6:onBlue	8	static
../Core/Src/main.c:304:6:onGreen	8	static
../Core/Src/main.c:308:6:onOrange	8	static
../Core/Src/main.c:312:6:offBlue	8	static
../Core/Src/main.c:316:6:offGreen	8	static
../Core/Src/main.c:320:6:offOrange	8	static
../Core/Src/main.c:330:6:Error_Handler	4	static,ignoring_inline_asm
