../Core/Src/stm32f4xx_it.c:66:6:NMI_Handler	4	static
../Core/Src/stm32f4xx_it.c:81:6:HardFault_Handler	4	static
../Core/Src/stm32f4xx_it.c:96:6:MemManage_Handler	4	static
../Core/Src/stm32f4xx_it.c:111:6:BusFault_Handler	4	static
../Core/Src/stm32f4xx_it.c:126:6:UsageFault_Handler	4	static
../Core/Src/stm32f4xx_it.c:141:6:SVC_Handler	4	static
../Core/Src/stm32f4xx_it.c:154:6:DebugMon_Handler	4	static
../Core/Src/stm32f4xx_it.c:167:6:PendSV_Handler	4	static
../Core/Src/stm32f4xx_it.c:191:6:USART1_IRQHandler	8	static
